../Drivers/CMSIS/Include/core_cm4.h:1933:34:__NVIC_SystemReset	4	static,ignoring_inline_asm
../Core/Src/main.c:117:5:main	224	static
../Core/Src/main.c:191:13:usart2_init	4	static
../Core/Src/main.c:218:5:_write	32	static
../Core/Src/main.c:234:13:game_display_start_sequence	32	static
../Core/Src/main.c:253:25:game_generate_pattern	24	static
../Core/Src/main.c:278:12:game_get_player_input	64	static
../Core/Src/main.c:327:13:game_handle_status	24	static
../Core/Src/main.c:354:13:led_pin_init	40	static
../Core/Src/main.c:381:13:led_enable	24	static
../Core/Src/main.c:389:13:led_disable	24	static
../Core/Src/main.c:394:13:led_blink	32	static
../Core/Src/main.c:409:13:button_pin_init	32	static
../Core/Src/main.c:430:12:button_is_active	24	static
../Core/Src/main.c:443:13:mcu_clock_config	4	static
../Core/Src/main.c:509:13:gpio_init	40	static
../Core/Src/main.c:536:13:gpio_enable_port_clock	16	static
../Core/Src/main.c:571:13:systick_init	4	static
../Core/Src/main.c:589:13:systick_delay_ms	16	static
../Core/Src/main.c:599:6:SysTick_Handler	4	static
../Core/Src/main.c:614:17:get_random_seed_from_adc	16	static
../Core/Src/main.c:662:6:mcu_error_handler	4	static,ignoring_inline_asm
